// Jest Snapshot v1, https://goo.gl/fbAQLP

exports[`Box component matches snapshot 1`] = `
<div>
  <div
    style="width: 100px; height: 100px; background-color: red; display: inline-block; margin: 10px;"
  >
    <button>
      X
    </button>
  </div>
</div>
`;
